Screen1Presenter.hpp:30:13:Screen1Presenter::~Screen1Presenter()	0	static
Screen1Presenter.cpp:12:6:virtual void Screen1Presenter::activate()	0	static
Screen1Presenter.cpp:22:6:virtual void Screen1Presenter::updateCanValue(DataBase_t*)	16	static
Screen1Presenter.hpp:30:13:virtual Screen1Presenter::~Screen1Presenter()	8	static
Screen1Presenter.hpp:30:13:virtual void* Screen1Presenter::_ZThn4_N16Screen1PresenterD1Ev()	0	static
Screen1Presenter.cpp:6:1:Screen1Presenter::Screen1Presenter(Screen1View&)	8	static
