C://TouchGFXProjects/Riverdi5inchV7/Core/Src/main.c:92:5:main	8	static
C://TouchGFXProjects/Riverdi5inchV7/Core/Src/main.c:203:6:SystemClock_Config	128	static
C://TouchGFXProjects/Riverdi5inchV7/Core/Src/main.c:276:6:PeriphCommonClock_Config	4	static
C://TouchGFXProjects/Riverdi5inchV7/Core/Src/main.c:284:13:SystemPower_Config	16	static
C://TouchGFXProjects/Riverdi5inchV7/Core/Src/main.c:330:6:HAL_TIM_PeriodElapsedCallback	16	static
C://TouchGFXProjects/Riverdi5inchV7/Core/Src/main.c:347:6:Error_Handler	4	static,ignoring_inline_asm
